The system is: Linux - 6.6.87.2-microsoft-standard-WSL2 - x86_64
Compiling the CXX compiler identification source file "CMakeCXXCompilerId.cpp" succeeded.
Compiler: /home/roto/android/android-ndk-r27d/toolchains/llvm/prebuilt/linux-x86_64/bin/clang++ 
Build flags: 
Id flags:  

The output was:
0


Compilation of the CXX compiler identification source "CMakeCXXCompilerId.cpp" produced "a.out"

The CXX compiler identification is Clang, found in "/home/roto/git/android-platform-frameworks-base/build/CMakeFiles/3.25.1/CompilerIdCXX/a.out"

Detecting CXX compiler ABI info compiled with the following output:
Change Dir: /home/roto/git/android-platform-frameworks-base/build/CMakeFiles/CMakeScratch/TryCompile-rL2g6j

Run Build Command(s):/usr/bin/gmake -f Makefile cmTC_6211a/fast && /usr/bin/gmake  -f CMakeFiles/cmTC_6211a.dir/build.make CMakeFiles/cmTC_6211a.dir/build
gmake[1]: Entering directory '/home/roto/git/android-platform-frameworks-base/build/CMakeFiles/CMakeScratch/TryCompile-rL2g6j'
Building CXX object CMakeFiles/cmTC_6211a.dir/CMakeCXXCompilerABI.cpp.o
/home/roto/android/android-ndk-r27d/toolchains/llvm/prebuilt/linux-x86_64/bin/clang++   -v -MD -MT CMakeFiles/cmTC_6211a.dir/CMakeCXXCompilerABI.cpp.o -MF CMakeFiles/cmTC_6211a.dir/CMakeCXXCompilerABI.cpp.o.d -o CMakeFiles/cmTC_6211a.dir/CMakeCXXCompilerABI.cpp.o -c /usr/share/cmake-3.25/Modules/CMakeCXXCompilerABI.cpp
Android (13691557, +pgo, +bolt, +lto, +mlgo, based on r522817d) clang version 18.0.4 (https://android.googlesource.com/toolchain/llvm-project d8003a456d14a3deb8054cdaa529ffbf02d9b262)
Target: x86_64-unknown-linux-gnu
Thread model: posix
InstalledDir: /home/roto/android/android-ndk-r27d/toolchains/llvm/prebuilt/linux-x86_64/bin
Found candidate GCC installation: /usr/lib/gcc/x86_64-linux-gnu/12
Selected GCC installation: /usr/lib/gcc/x86_64-linux-gnu/12
Candidate multilib: .;@m64
Selected multilib: .;@m64
 (in-process)
 "/home/roto/android/android-ndk-r27d/toolchains/llvm/prebuilt/linux-x86_64/bin/clang-18" -cc1 -triple x86_64-unknown-linux-gnu -emit-obj -mrelax-all -disable-free -clear-ast-before-backend -disable-llvm-verifier -discard-value-names -main-file-name CMakeCXXCompilerABI.cpp -mrelocation-model pic -pic-level 2 -pic-is-pie -mframe-pointer=all -fmath-errno -ffp-contract=on -fno-rounding-math -mconstructor-aliases -funwind-tables=2 -target-cpu x86-64 -tune-cpu generic -debugger-tuning=gdb -fdebug-compilation-dir=/home/roto/git/android-platform-frameworks-base/build/CMakeFiles/CMakeScratch/TryCompile-rL2g6j -v -fcoverage-compilation-dir=/home/roto/git/android-platform-frameworks-base/build/CMakeFiles/CMakeScratch/TryCompile-rL2g6j -resource-dir /home/roto/android/android-ndk-r27d/toolchains/llvm/prebuilt/linux-x86_64/lib/clang/18 -dependency-file CMakeFiles/cmTC_6211a.dir/CMakeCXXCompilerABI.cpp.o.d -MT CMakeFiles/cmTC_6211a.dir/CMakeCXXCompilerABI.cpp.o -sys-header-deps -internal-isystem /usr/lib/gcc/x86_64-linux-gnu/12/../../../../include/c++/12 -internal-isystem /usr/lib/gcc/x86_64-linux-gnu/12/../../../../include/x86_64-linux-gnu/c++/12 -internal-isystem /usr/lib/gcc/x86_64-linux-gnu/12/../../../../include/c++/12/backward -internal-isystem /home/roto/android/android-ndk-r27d/toolchains/llvm/prebuilt/linux-x86_64/lib/clang/18/include -internal-isystem /usr/local/include -internal-isystem /usr/lib/gcc/x86_64-linux-gnu/12/../../../../x86_64-linux-gnu/include -internal-externc-isystem /usr/include/x86_64-linux-gnu -internal-externc-isystem /include -internal-externc-isystem /usr/include -fdeprecated-macro -ferror-limit 19 -fgnuc-version=4.2.1 -fcxx-exceptions -fexceptions -faddrsig -D__GCC_HAVE_DWARF2_CFI_ASM=1 -o CMakeFiles/cmTC_6211a.dir/CMakeCXXCompilerABI.cpp.o -x c++ /usr/share/cmake-3.25/Modules/CMakeCXXCompilerABI.cpp
clang -cc1 version 18.0.4 based upon LLVM 18.0.4 default target x86_64-unknown-linux-gnu
ignoring nonexistent directory "/usr/lib/gcc/x86_64-linux-gnu/12/../../../../x86_64-linux-gnu/include"
ignoring nonexistent directory "/include"
#include "..." search starts here:
#include <...> search starts here:
 /usr/lib/gcc/x86_64-linux-gnu/12/../../../../include/c++/12
 /usr/lib/gcc/x86_64-linux-gnu/12/../../../../include/x86_64-linux-gnu/c++/12
 /usr/lib/gcc/x86_64-linux-gnu/12/../../../../include/c++/12/backward
 /home/roto/android/android-ndk-r27d/toolchains/llvm/prebuilt/linux-x86_64/lib/clang/18/include
 /usr/local/include
 /usr/include/x86_64-linux-gnu
 /usr/include
End of search list.
Linking CXX executable cmTC_6211a
/usr/bin/cmake -E cmake_link_script CMakeFiles/cmTC_6211a.dir/link.txt --verbose=1
/home/roto/android/android-ndk-r27d/toolchains/llvm/prebuilt/linux-x86_64/bin/clang++  -v CMakeFiles/cmTC_6211a.dir/CMakeCXXCompilerABI.cpp.o -o cmTC_6211a 
Android (13691557, +pgo, +bolt, +lto, +mlgo, based on r522817d) clang version 18.0.4 (https://android.googlesource.com/toolchain/llvm-project d8003a456d14a3deb8054cdaa529ffbf02d9b262)
Target: x86_64-unknown-linux-gnu
Thread model: posix
InstalledDir: /home/roto/android/android-ndk-r27d/toolchains/llvm/prebuilt/linux-x86_64/bin
Found candidate GCC installation: /usr/lib/gcc/x86_64-linux-gnu/12
Selected GCC installation: /usr/lib/gcc/x86_64-linux-gnu/12
Candidate multilib: .;@m64
Selected multilib: .;@m64
 "/home/roto/android/android-ndk-r27d/toolchains/llvm/prebuilt/linux-x86_64/bin/ld.lld" --hash-style=gnu --eh-frame-hdr -m elf_x86_64 -pie -dynamic-linker /lib64/ld-linux-x86-64.so.2 -o cmTC_6211a /lib/x86_64-linux-gnu/Scrt1.o /lib/x86_64-linux-gnu/crti.o /usr/lib/gcc/x86_64-linux-gnu/12/crtbeginS.o -L/home/roto/android/android-ndk-r27d/toolchains/llvm/prebuilt/linux-x86_64/bin/../lib/x86_64-unknown-linux-gnu -L/home/roto/android/android-ndk-r27d/toolchains/llvm/prebuilt/linux-x86_64/lib/clang/18/lib/x86_64-unknown-linux-gnu -L/home/roto/android/android-ndk-r27d/toolchains/llvm/prebuilt/linux-x86_64/lib/clang/18/lib/linux/x86_64 -L/usr/lib/gcc/x86_64-linux-gnu/12 -L/usr/lib/gcc/x86_64-linux-gnu/12/../../../../lib64 -L/lib/x86_64-linux-gnu -L/lib/../lib64 -L/usr/lib/x86_64-linux-gnu -L/usr/lib/../lib64 -L/lib -L/usr/lib CMakeFiles/cmTC_6211a.dir/CMakeCXXCompilerABI.cpp.o -lstdc++ -lm -lgcc_s -lgcc -lc -lgcc_s -lgcc /usr/lib/gcc/x86_64-linux-gnu/12/crtendS.o /lib/x86_64-linux-gnu/crtn.o
gmake[1]: Leaving directory '/home/roto/git/android-platform-frameworks-base/build/CMakeFiles/CMakeScratch/TryCompile-rL2g6j'



Parsed CXX implicit include dir info from above output: rv=done
  found start of include info
  found start of implicit include info
    add: [/usr/lib/gcc/x86_64-linux-gnu/12/../../../../include/c++/12]
    add: [/usr/lib/gcc/x86_64-linux-gnu/12/../../../../include/x86_64-linux-gnu/c++/12]
    add: [/usr/lib/gcc/x86_64-linux-gnu/12/../../../../include/c++/12/backward]
    add: [/home/roto/android/android-ndk-r27d/toolchains/llvm/prebuilt/linux-x86_64/lib/clang/18/include]
    add: [/usr/local/include]
    add: [/usr/include/x86_64-linux-gnu]
    add: [/usr/include]
  end of search list found
  collapse include dir [/usr/lib/gcc/x86_64-linux-gnu/12/../../../../include/c++/12] ==> [/usr/include/c++/12]
  collapse include dir [/usr/lib/gcc/x86_64-linux-gnu/12/../../../../include/x86_64-linux-gnu/c++/12] ==> [/usr/include/x86_64-linux-gnu/c++/12]
  collapse include dir [/usr/lib/gcc/x86_64-linux-gnu/12/../../../../include/c++/12/backward] ==> [/usr/include/c++/12/backward]
  collapse include dir [/home/roto/android/android-ndk-r27d/toolchains/llvm/prebuilt/linux-x86_64/lib/clang/18/include] ==> [/home/roto/android/android-ndk-r27d/toolchains/llvm/prebuilt/linux-x86_64/lib/clang/18/include]
  collapse include dir [/usr/local/include] ==> [/usr/local/include]
  collapse include dir [/usr/include/x86_64-linux-gnu] ==> [/usr/include/x86_64-linux-gnu]
  collapse include dir [/usr/include] ==> [/usr/include]
  implicit include dirs: [/usr/include/c++/12;/usr/include/x86_64-linux-gnu/c++/12;/usr/include/c++/12/backward;/home/roto/android/android-ndk-r27d/toolchains/llvm/prebuilt/linux-x86_64/lib/clang/18/include;/usr/local/include;/usr/include/x86_64-linux-gnu;/usr/include]


Parsed CXX implicit link information from above output:
  link line regex: [^( *|.*[/\])(ld|CMAKE_LINK_STARTFILE-NOTFOUND|([^/\]+-)?ld|collect2)[^/\]*( |$)]
  ignore line: [Change Dir: /home/roto/git/android-platform-frameworks-base/build/CMakeFiles/CMakeScratch/TryCompile-rL2g6j]
  ignore line: []
  ignore line: [Run Build Command(s):/usr/bin/gmake -f Makefile cmTC_6211a/fast && /usr/bin/gmake  -f CMakeFiles/cmTC_6211a.dir/build.make CMakeFiles/cmTC_6211a.dir/build]
  ignore line: [gmake[1]: Entering directory '/home/roto/git/android-platform-frameworks-base/build/CMakeFiles/CMakeScratch/TryCompile-rL2g6j']
  ignore line: [Building CXX object CMakeFiles/cmTC_6211a.dir/CMakeCXXCompilerABI.cpp.o]
  ignore line: [/home/roto/android/android-ndk-r27d/toolchains/llvm/prebuilt/linux-x86_64/bin/clang++   -v -MD -MT CMakeFiles/cmTC_6211a.dir/CMakeCXXCompilerABI.cpp.o -MF CMakeFiles/cmTC_6211a.dir/CMakeCXXCompilerABI.cpp.o.d -o CMakeFiles/cmTC_6211a.dir/CMakeCXXCompilerABI.cpp.o -c /usr/share/cmake-3.25/Modules/CMakeCXXCompilerABI.cpp]
  ignore line: [Android (13691557  +pgo  +bolt  +lto  +mlgo  based on r522817d) clang version 18.0.4 (https://android.googlesource.com/toolchain/llvm-project d8003a456d14a3deb8054cdaa529ffbf02d9b262)]
  ignore line: [Target: x86_64-unknown-linux-gnu]
  ignore line: [Thread model: posix]
  ignore line: [InstalledDir: /home/roto/android/android-ndk-r27d/toolchains/llvm/prebuilt/linux-x86_64/bin]
  ignore line: [Found candidate GCC installation: /usr/lib/gcc/x86_64-linux-gnu/12]
  ignore line: [Selected GCC installation: /usr/lib/gcc/x86_64-linux-gnu/12]
  ignore line: [Candidate multilib: .]
  ignore line: [@m64]
  ignore line: [Selected multilib: .]
  ignore line: [@m64]
  ignore line: [ (in-process)]
  ignore line: [ "/home/roto/android/android-ndk-r27d/toolchains/llvm/prebuilt/linux-x86_64/bin/clang-18" -cc1 -triple x86_64-unknown-linux-gnu -emit-obj -mrelax-all -disable-free -clear-ast-before-backend -disable-llvm-verifier -discard-value-names -main-file-name CMakeCXXCompilerABI.cpp -mrelocation-model pic -pic-level 2 -pic-is-pie -mframe-pointer=all -fmath-errno -ffp-contract=on -fno-rounding-math -mconstructor-aliases -funwind-tables=2 -target-cpu x86-64 -tune-cpu generic -debugger-tuning=gdb -fdebug-compilation-dir=/home/roto/git/android-platform-frameworks-base/build/CMakeFiles/CMakeScratch/TryCompile-rL2g6j -v -fcoverage-compilation-dir=/home/roto/git/android-platform-frameworks-base/build/CMakeFiles/CMakeScratch/TryCompile-rL2g6j -resource-dir /home/roto/android/android-ndk-r27d/toolchains/llvm/prebuilt/linux-x86_64/lib/clang/18 -dependency-file CMakeFiles/cmTC_6211a.dir/CMakeCXXCompilerABI.cpp.o.d -MT CMakeFiles/cmTC_6211a.dir/CMakeCXXCompilerABI.cpp.o -sys-header-deps -internal-isystem /usr/lib/gcc/x86_64-linux-gnu/12/../../../../include/c++/12 -internal-isystem /usr/lib/gcc/x86_64-linux-gnu/12/../../../../include/x86_64-linux-gnu/c++/12 -internal-isystem /usr/lib/gcc/x86_64-linux-gnu/12/../../../../include/c++/12/backward -internal-isystem /home/roto/android/android-ndk-r27d/toolchains/llvm/prebuilt/linux-x86_64/lib/clang/18/include -internal-isystem /usr/local/include -internal-isystem /usr/lib/gcc/x86_64-linux-gnu/12/../../../../x86_64-linux-gnu/include -internal-externc-isystem /usr/include/x86_64-linux-gnu -internal-externc-isystem /include -internal-externc-isystem /usr/include -fdeprecated-macro -ferror-limit 19 -fgnuc-version=4.2.1 -fcxx-exceptions -fexceptions -faddrsig -D__GCC_HAVE_DWARF2_CFI_ASM=1 -o CMakeFiles/cmTC_6211a.dir/CMakeCXXCompilerABI.cpp.o -x c++ /usr/share/cmake-3.25/Modules/CMakeCXXCompilerABI.cpp]
  ignore line: [clang -cc1 version 18.0.4 based upon LLVM 18.0.4 default target x86_64-unknown-linux-gnu]
  ignore line: [ignoring nonexistent directory "/usr/lib/gcc/x86_64-linux-gnu/12/../../../../x86_64-linux-gnu/include"]
  ignore line: [ignoring nonexistent directory "/include"]
  ignore line: [#include "..." search starts here:]
  ignore line: [#include <...> search starts here:]
  ignore line: [ /usr/lib/gcc/x86_64-linux-gnu/12/../../../../include/c++/12]
  ignore line: [ /usr/lib/gcc/x86_64-linux-gnu/12/../../../../include/x86_64-linux-gnu/c++/12]
  ignore line: [ /usr/lib/gcc/x86_64-linux-gnu/12/../../../../include/c++/12/backward]
  ignore line: [ /home/roto/android/android-ndk-r27d/toolchains/llvm/prebuilt/linux-x86_64/lib/clang/18/include]
  ignore line: [ /usr/local/include]
  ignore line: [ /usr/include/x86_64-linux-gnu]
  ignore line: [ /usr/include]
  ignore line: [End of search list.]
  ignore line: [Linking CXX executable cmTC_6211a]
  ignore line: [/usr/bin/cmake -E cmake_link_script CMakeFiles/cmTC_6211a.dir/link.txt --verbose=1]
  ignore line: [/home/roto/android/android-ndk-r27d/toolchains/llvm/prebuilt/linux-x86_64/bin/clang++  -v CMakeFiles/cmTC_6211a.dir/CMakeCXXCompilerABI.cpp.o -o cmTC_6211a ]
  ignore line: [Android (13691557  +pgo  +bolt  +lto  +mlgo  based on r522817d) clang version 18.0.4 (https://android.googlesource.com/toolchain/llvm-project d8003a456d14a3deb8054cdaa529ffbf02d9b262)]
  ignore line: [Target: x86_64-unknown-linux-gnu]
  ignore line: [Thread model: posix]
  ignore line: [InstalledDir: /home/roto/android/android-ndk-r27d/toolchains/llvm/prebuilt/linux-x86_64/bin]
  ignore line: [Found candidate GCC installation: /usr/lib/gcc/x86_64-linux-gnu/12]
  ignore line: [Selected GCC installation: /usr/lib/gcc/x86_64-linux-gnu/12]
  ignore line: [Candidate multilib: .]
  ignore line: [@m64]
  ignore line: [Selected multilib: .]
  ignore line: [@m64]
  link line: [ "/home/roto/android/android-ndk-r27d/toolchains/llvm/prebuilt/linux-x86_64/bin/ld.lld" --hash-style=gnu --eh-frame-hdr -m elf_x86_64 -pie -dynamic-linker /lib64/ld-linux-x86-64.so.2 -o cmTC_6211a /lib/x86_64-linux-gnu/Scrt1.o /lib/x86_64-linux-gnu/crti.o /usr/lib/gcc/x86_64-linux-gnu/12/crtbeginS.o -L/home/roto/android/android-ndk-r27d/toolchains/llvm/prebuilt/linux-x86_64/bin/../lib/x86_64-unknown-linux-gnu -L/home/roto/android/android-ndk-r27d/toolchains/llvm/prebuilt/linux-x86_64/lib/clang/18/lib/x86_64-unknown-linux-gnu -L/home/roto/android/android-ndk-r27d/toolchains/llvm/prebuilt/linux-x86_64/lib/clang/18/lib/linux/x86_64 -L/usr/lib/gcc/x86_64-linux-gnu/12 -L/usr/lib/gcc/x86_64-linux-gnu/12/../../../../lib64 -L/lib/x86_64-linux-gnu -L/lib/../lib64 -L/usr/lib/x86_64-linux-gnu -L/usr/lib/../lib64 -L/lib -L/usr/lib CMakeFiles/cmTC_6211a.dir/CMakeCXXCompilerABI.cpp.o -lstdc++ -lm -lgcc_s -lgcc -lc -lgcc_s -lgcc /usr/lib/gcc/x86_64-linux-gnu/12/crtendS.o /lib/x86_64-linux-gnu/crtn.o]
    arg [/home/roto/android/android-ndk-r27d/toolchains/llvm/prebuilt/linux-x86_64/bin/ld.lld] ==> ignore
    arg [--hash-style=gnu] ==> ignore
    arg [--eh-frame-hdr] ==> ignore
    arg [-m] ==> ignore
    arg [elf_x86_64] ==> ignore
    arg [-pie] ==> ignore
    arg [-dynamic-linker] ==> ignore
    arg [/lib64/ld-linux-x86-64.so.2] ==> ignore
    arg [-o] ==> ignore
    arg [cmTC_6211a] ==> ignore
    arg [/lib/x86_64-linux-gnu/Scrt1.o] ==> obj [/lib/x86_64-linux-gnu/Scrt1.o]
    arg [/lib/x86_64-linux-gnu/crti.o] ==> obj [/lib/x86_64-linux-gnu/crti.o]
    arg [/usr/lib/gcc/x86_64-linux-gnu/12/crtbeginS.o] ==> obj [/usr/lib/gcc/x86_64-linux-gnu/12/crtbeginS.o]
    arg [-L/home/roto/android/android-ndk-r27d/toolchains/llvm/prebuilt/linux-x86_64/bin/../lib/x86_64-unknown-linux-gnu] ==> dir [/home/roto/android/android-ndk-r27d/toolchains/llvm/prebuilt/linux-x86_64/bin/../lib/x86_64-unknown-linux-gnu]
    arg [-L/home/roto/android/android-ndk-r27d/toolchains/llvm/prebuilt/linux-x86_64/lib/clang/18/lib/x86_64-unknown-linux-gnu] ==> dir [/home/roto/android/android-ndk-r27d/toolchains/llvm/prebuilt/linux-x86_64/lib/clang/18/lib/x86_64-unknown-linux-gnu]
    arg [-L/home/roto/android/android-ndk-r27d/toolchains/llvm/prebuilt/linux-x86_64/lib/clang/18/lib/linux/x86_64] ==> dir [/home/roto/android/android-ndk-r27d/toolchains/llvm/prebuilt/linux-x86_64/lib/clang/18/lib/linux/x86_64]
    arg [-L/usr/lib/gcc/x86_64-linux-gnu/12] ==> dir [/usr/lib/gcc/x86_64-linux-gnu/12]
    arg [-L/usr/lib/gcc/x86_64-linux-gnu/12/../../../../lib64] ==> dir [/usr/lib/gcc/x86_64-linux-gnu/12/../../../../lib64]
    arg [-L/lib/x86_64-linux-gnu] ==> dir [/lib/x86_64-linux-gnu]
    arg [-L/lib/../lib64] ==> dir [/lib/../lib64]
    arg [-L/usr/lib/x86_64-linux-gnu] ==> dir [/usr/lib/x86_64-linux-gnu]
    arg [-L/usr/lib/../lib64] ==> dir [/usr/lib/../lib64]
    arg [-L/lib] ==> dir [/lib]
    arg [-L/usr/lib] ==> dir [/usr/lib]
    arg [CMakeFiles/cmTC_6211a.dir/CMakeCXXCompilerABI.cpp.o] ==> ignore
    arg [-lstdc++] ==> lib [stdc++]
    arg [-lm] ==> lib [m]
    arg [-lgcc_s] ==> lib [gcc_s]
    arg [-lgcc] ==> lib [gcc]
    arg [-lc] ==> lib [c]
    arg [-lgcc_s] ==> lib [gcc_s]
    arg [-lgcc] ==> lib [gcc]
    arg [/usr/lib/gcc/x86_64-linux-gnu/12/crtendS.o] ==> obj [/usr/lib/gcc/x86_64-linux-gnu/12/crtendS.o]
    arg [/lib/x86_64-linux-gnu/crtn.o] ==> obj [/lib/x86_64-linux-gnu/crtn.o]
  collapse library dir [/home/roto/android/android-ndk-r27d/toolchains/llvm/prebuilt/linux-x86_64/bin/../lib/x86_64-unknown-linux-gnu] ==> [/home/roto/android/android-ndk-r27d/toolchains/llvm/prebuilt/linux-x86_64/lib/x86_64-unknown-linux-gnu]
  collapse library dir [/home/roto/android/android-ndk-r27d/toolchains/llvm/prebuilt/linux-x86_64/lib/clang/18/lib/x86_64-unknown-linux-gnu] ==> [/home/roto/android/android-ndk-r27d/toolchains/llvm/prebuilt/linux-x86_64/lib/clang/18/lib/x86_64-unknown-linux-gnu]
  collapse library dir [/home/roto/android/android-ndk-r27d/toolchains/llvm/prebuilt/linux-x86_64/lib/clang/18/lib/linux/x86_64] ==> [/home/roto/android/android-ndk-r27d/toolchains/llvm/prebuilt/linux-x86_64/lib/clang/18/lib/linux/x86_64]
  collapse library dir [/usr/lib/gcc/x86_64-linux-gnu/12] ==> [/usr/lib/gcc/x86_64-linux-gnu/12]
  collapse library dir [/usr/lib/gcc/x86_64-linux-gnu/12/../../../../lib64] ==> [/usr/lib64]
  collapse library dir [/lib/x86_64-linux-gnu] ==> [/lib/x86_64-linux-gnu]
  collapse library dir [/lib/../lib64] ==> [/lib64]
  collapse library dir [/usr/lib/x86_64-linux-gnu] ==> [/usr/lib/x86_64-linux-gnu]
  collapse library dir [/usr/lib/../lib64] ==> [/usr/lib64]
  collapse library dir [/lib] ==> [/lib]
  collapse library dir [/usr/lib] ==> [/usr/lib]
  implicit libs: [stdc++;m;gcc_s;gcc;c;gcc_s;gcc]
  implicit objs: [/lib/x86_64-linux-gnu/Scrt1.o;/lib/x86_64-linux-gnu/crti.o;/usr/lib/gcc/x86_64-linux-gnu/12/crtbeginS.o;/usr/lib/gcc/x86_64-linux-gnu/12/crtendS.o;/lib/x86_64-linux-gnu/crtn.o]
  implicit dirs: [/home/roto/android/android-ndk-r27d/toolchains/llvm/prebuilt/linux-x86_64/lib/x86_64-unknown-linux-gnu;/home/roto/android/android-ndk-r27d/toolchains/llvm/prebuilt/linux-x86_64/lib/clang/18/lib/x86_64-unknown-linux-gnu;/home/roto/android/android-ndk-r27d/toolchains/llvm/prebuilt/linux-x86_64/lib/clang/18/lib/linux/x86_64;/usr/lib/gcc/x86_64-linux-gnu/12;/usr/lib64;/lib/x86_64-linux-gnu;/lib64;/usr/lib/x86_64-linux-gnu;/lib;/usr/lib]
  implicit fwks: []


Compiling the C compiler identification source file "CMakeCCompilerId.c" succeeded.
Compiler: /home/roto/android/android-ndk-r27d/toolchains/llvm/prebuilt/linux-x86_64/bin/clang 
Build flags: 
Id flags:  

The output was:
0


Compilation of the C compiler identification source "CMakeCCompilerId.c" produced "a.out"

The C compiler identification is Clang, found in "/home/roto/git/android-platform-frameworks-base/build/CMakeFiles/3.25.1/CompilerIdC/a.out"

Detecting C compiler ABI info compiled with the following output:
Change Dir: /home/roto/git/android-platform-frameworks-base/build/CMakeFiles/CMakeScratch/TryCompile-85Ig6I

Run Build Command(s):/usr/bin/gmake -f Makefile cmTC_89db4/fast && /usr/bin/gmake  -f CMakeFiles/cmTC_89db4.dir/build.make CMakeFiles/cmTC_89db4.dir/build
gmake[1]: Entering directory '/home/roto/git/android-platform-frameworks-base/build/CMakeFiles/CMakeScratch/TryCompile-85Ig6I'
Building C object CMakeFiles/cmTC_89db4.dir/CMakeCCompilerABI.c.o
/home/roto/android/android-ndk-r27d/toolchains/llvm/prebuilt/linux-x86_64/bin/clang   -v -MD -MT CMakeFiles/cmTC_89db4.dir/CMakeCCompilerABI.c.o -MF CMakeFiles/cmTC_89db4.dir/CMakeCCompilerABI.c.o.d -o CMakeFiles/cmTC_89db4.dir/CMakeCCompilerABI.c.o -c /usr/share/cmake-3.25/Modules/CMakeCCompilerABI.c
Android (13691557, +pgo, +bolt, +lto, +mlgo, based on r522817d) clang version 18.0.4 (https://android.googlesource.com/toolchain/llvm-project d8003a456d14a3deb8054cdaa529ffbf02d9b262)
Target: x86_64-unknown-linux-gnu
Thread model: posix
InstalledDir: /home/roto/android/android-ndk-r27d/toolchains/llvm/prebuilt/linux-x86_64/bin
Found candidate GCC installation: /usr/lib/gcc/x86_64-linux-gnu/12
Selected GCC installation: /usr/lib/gcc/x86_64-linux-gnu/12
Candidate multilib: .;@m64
Selected multilib: .;@m64
 (in-process)
 "/home/roto/android/android-ndk-r27d/toolchains/llvm/prebuilt/linux-x86_64/bin/clang-18" -cc1 -triple x86_64-unknown-linux-gnu -emit-obj -mrelax-all -disable-free -clear-ast-before-backend -disable-llvm-verifier -discard-value-names -main-file-name CMakeCCompilerABI.c -mrelocation-model pic -pic-level 2 -pic-is-pie -mframe-pointer=all -fmath-errno -ffp-contract=on -fno-rounding-math -mconstructor-aliases -funwind-tables=2 -target-cpu x86-64 -tune-cpu generic -debugger-tuning=gdb -fdebug-compilation-dir=/home/roto/git/android-platform-frameworks-base/build/CMakeFiles/CMakeScratch/TryCompile-85Ig6I -v -fcoverage-compilation-dir=/home/roto/git/android-platform-frameworks-base/build/CMakeFiles/CMakeScratch/TryCompile-85Ig6I -resource-dir /home/roto/android/android-ndk-r27d/toolchains/llvm/prebuilt/linux-x86_64/lib/clang/18 -dependency-file CMakeFiles/cmTC_89db4.dir/CMakeCCompilerABI.c.o.d -MT CMakeFiles/cmTC_89db4.dir/CMakeCCompilerABI.c.o -sys-header-deps -internal-isystem /home/roto/android/android-ndk-r27d/toolchains/llvm/prebuilt/linux-x86_64/lib/clang/18/include -internal-isystem /usr/local/include -internal-isystem /usr/lib/gcc/x86_64-linux-gnu/12/../../../../x86_64-linux-gnu/include -internal-externc-isystem /usr/include/x86_64-linux-gnu -internal-externc-isystem /include -internal-externc-isystem /usr/include -ferror-limit 19 -fgnuc-version=4.2.1 -faddrsig -D__GCC_HAVE_DWARF2_CFI_ASM=1 -o CMakeFiles/cmTC_89db4.dir/CMakeCCompilerABI.c.o -x c /usr/share/cmake-3.25/Modules/CMakeCCompilerABI.c
clang -cc1 version 18.0.4 based upon LLVM 18.0.4 default target x86_64-unknown-linux-gnu
ignoring nonexistent directory "/usr/lib/gcc/x86_64-linux-gnu/12/../../../../x86_64-linux-gnu/include"
ignoring nonexistent directory "/include"
#include "..." search starts here:
#include <...> search starts here:
 /home/roto/android/android-ndk-r27d/toolchains/llvm/prebuilt/linux-x86_64/lib/clang/18/include
 /usr/local/include
 /usr/include/x86_64-linux-gnu
 /usr/include
End of search list.
Linking C executable cmTC_89db4
/usr/bin/cmake -E cmake_link_script CMakeFiles/cmTC_89db4.dir/link.txt --verbose=1
/home/roto/android/android-ndk-r27d/toolchains/llvm/prebuilt/linux-x86_64/bin/clang  -v CMakeFiles/cmTC_89db4.dir/CMakeCCompilerABI.c.o -o cmTC_89db4 
Android (13691557, +pgo, +bolt, +lto, +mlgo, based on r522817d) clang version 18.0.4 (https://android.googlesource.com/toolchain/llvm-project d8003a456d14a3deb8054cdaa529ffbf02d9b262)
Target: x86_64-unknown-linux-gnu
Thread model: posix
InstalledDir: /home/roto/android/android-ndk-r27d/toolchains/llvm/prebuilt/linux-x86_64/bin
Found candidate GCC installation: /usr/lib/gcc/x86_64-linux-gnu/12
Selected GCC installation: /usr/lib/gcc/x86_64-linux-gnu/12
Candidate multilib: .;@m64
Selected multilib: .;@m64
 "/home/roto/android/android-ndk-r27d/toolchains/llvm/prebuilt/linux-x86_64/bin/ld.lld" --hash-style=gnu --eh-frame-hdr -m elf_x86_64 -pie -dynamic-linker /lib64/ld-linux-x86-64.so.2 -o cmTC_89db4 /lib/x86_64-linux-gnu/Scrt1.o /lib/x86_64-linux-gnu/crti.o /usr/lib/gcc/x86_64-linux-gnu/12/crtbeginS.o -L/home/roto/android/android-ndk-r27d/toolchains/llvm/prebuilt/linux-x86_64/bin/../lib/x86_64-unknown-linux-gnu -L/home/roto/android/android-ndk-r27d/toolchains/llvm/prebuilt/linux-x86_64/lib/clang/18/lib/x86_64-unknown-linux-gnu -L/home/roto/android/android-ndk-r27d/toolchains/llvm/prebuilt/linux-x86_64/lib/clang/18/lib/linux/x86_64 -L/usr/lib/gcc/x86_64-linux-gnu/12 -L/usr/lib/gcc/x86_64-linux-gnu/12/../../../../lib64 -L/lib/x86_64-linux-gnu -L/lib/../lib64 -L/usr/lib/x86_64-linux-gnu -L/usr/lib/../lib64 -L/lib -L/usr/lib CMakeFiles/cmTC_89db4.dir/CMakeCCompilerABI.c.o -lgcc --as-needed -lgcc_s --no-as-needed -lc -lgcc --as-needed -lgcc_s --no-as-needed /usr/lib/gcc/x86_64-linux-gnu/12/crtendS.o /lib/x86_64-linux-gnu/crtn.o
gmake[1]: Leaving directory '/home/roto/git/android-platform-frameworks-base/build/CMakeFiles/CMakeScratch/TryCompile-85Ig6I'



Parsed C implicit include dir info from above output: rv=done
  found start of include info
  found start of implicit include info
    add: [/home/roto/android/android-ndk-r27d/toolchains/llvm/prebuilt/linux-x86_64/lib/clang/18/include]
    add: [/usr/local/include]
    add: [/usr/include/x86_64-linux-gnu]
    add: [/usr/include]
  end of search list found
  collapse include dir [/home/roto/android/android-ndk-r27d/toolchains/llvm/prebuilt/linux-x86_64/lib/clang/18/include] ==> [/home/roto/android/android-ndk-r27d/toolchains/llvm/prebuilt/linux-x86_64/lib/clang/18/include]
  collapse include dir [/usr/local/include] ==> [/usr/local/include]
  collapse include dir [/usr/include/x86_64-linux-gnu] ==> [/usr/include/x86_64-linux-gnu]
  collapse include dir [/usr/include] ==> [/usr/include]
  implicit include dirs: [/home/roto/android/android-ndk-r27d/toolchains/llvm/prebuilt/linux-x86_64/lib/clang/18/include;/usr/local/include;/usr/include/x86_64-linux-gnu;/usr/include]


Parsed C implicit link information from above output:
  link line regex: [^( *|.*[/\])(ld|CMAKE_LINK_STARTFILE-NOTFOUND|([^/\]+-)?ld|collect2)[^/\]*( |$)]
  ignore line: [Change Dir: /home/roto/git/android-platform-frameworks-base/build/CMakeFiles/CMakeScratch/TryCompile-85Ig6I]
  ignore line: []
  ignore line: [Run Build Command(s):/usr/bin/gmake -f Makefile cmTC_89db4/fast && /usr/bin/gmake  -f CMakeFiles/cmTC_89db4.dir/build.make CMakeFiles/cmTC_89db4.dir/build]
  ignore line: [gmake[1]: Entering directory '/home/roto/git/android-platform-frameworks-base/build/CMakeFiles/CMakeScratch/TryCompile-85Ig6I']
  ignore line: [Building C object CMakeFiles/cmTC_89db4.dir/CMakeCCompilerABI.c.o]
  ignore line: [/home/roto/android/android-ndk-r27d/toolchains/llvm/prebuilt/linux-x86_64/bin/clang   -v -MD -MT CMakeFiles/cmTC_89db4.dir/CMakeCCompilerABI.c.o -MF CMakeFiles/cmTC_89db4.dir/CMakeCCompilerABI.c.o.d -o CMakeFiles/cmTC_89db4.dir/CMakeCCompilerABI.c.o -c /usr/share/cmake-3.25/Modules/CMakeCCompilerABI.c]
  ignore line: [Android (13691557  +pgo  +bolt  +lto  +mlgo  based on r522817d) clang version 18.0.4 (https://android.googlesource.com/toolchain/llvm-project d8003a456d14a3deb8054cdaa529ffbf02d9b262)]
  ignore line: [Target: x86_64-unknown-linux-gnu]
  ignore line: [Thread model: posix]
  ignore line: [InstalledDir: /home/roto/android/android-ndk-r27d/toolchains/llvm/prebuilt/linux-x86_64/bin]
  ignore line: [Found candidate GCC installation: /usr/lib/gcc/x86_64-linux-gnu/12]
  ignore line: [Selected GCC installation: /usr/lib/gcc/x86_64-linux-gnu/12]
  ignore line: [Candidate multilib: .]
  ignore line: [@m64]
  ignore line: [Selected multilib: .]
  ignore line: [@m64]
  ignore line: [ (in-process)]
  ignore line: [ "/home/roto/android/android-ndk-r27d/toolchains/llvm/prebuilt/linux-x86_64/bin/clang-18" -cc1 -triple x86_64-unknown-linux-gnu -emit-obj -mrelax-all -disable-free -clear-ast-before-backend -disable-llvm-verifier -discard-value-names -main-file-name CMakeCCompilerABI.c -mrelocation-model pic -pic-level 2 -pic-is-pie -mframe-pointer=all -fmath-errno -ffp-contract=on -fno-rounding-math -mconstructor-aliases -funwind-tables=2 -target-cpu x86-64 -tune-cpu generic -debugger-tuning=gdb -fdebug-compilation-dir=/home/roto/git/android-platform-frameworks-base/build/CMakeFiles/CMakeScratch/TryCompile-85Ig6I -v -fcoverage-compilation-dir=/home/roto/git/android-platform-frameworks-base/build/CMakeFiles/CMakeScratch/TryCompile-85Ig6I -resource-dir /home/roto/android/android-ndk-r27d/toolchains/llvm/prebuilt/linux-x86_64/lib/clang/18 -dependency-file CMakeFiles/cmTC_89db4.dir/CMakeCCompilerABI.c.o.d -MT CMakeFiles/cmTC_89db4.dir/CMakeCCompilerABI.c.o -sys-header-deps -internal-isystem /home/roto/android/android-ndk-r27d/toolchains/llvm/prebuilt/linux-x86_64/lib/clang/18/include -internal-isystem /usr/local/include -internal-isystem /usr/lib/gcc/x86_64-linux-gnu/12/../../../../x86_64-linux-gnu/include -internal-externc-isystem /usr/include/x86_64-linux-gnu -internal-externc-isystem /include -internal-externc-isystem /usr/include -ferror-limit 19 -fgnuc-version=4.2.1 -faddrsig -D__GCC_HAVE_DWARF2_CFI_ASM=1 -o CMakeFiles/cmTC_89db4.dir/CMakeCCompilerABI.c.o -x c /usr/share/cmake-3.25/Modules/CMakeCCompilerABI.c]
  ignore line: [clang -cc1 version 18.0.4 based upon LLVM 18.0.4 default target x86_64-unknown-linux-gnu]
  ignore line: [ignoring nonexistent directory "/usr/lib/gcc/x86_64-linux-gnu/12/../../../../x86_64-linux-gnu/include"]
  ignore line: [ignoring nonexistent directory "/include"]
  ignore line: [#include "..." search starts here:]
  ignore line: [#include <...> search starts here:]
  ignore line: [ /home/roto/android/android-ndk-r27d/toolchains/llvm/prebuilt/linux-x86_64/lib/clang/18/include]
  ignore line: [ /usr/local/include]
  ignore line: [ /usr/include/x86_64-linux-gnu]
  ignore line: [ /usr/include]
  ignore line: [End of search list.]
  ignore line: [Linking C executable cmTC_89db4]
  ignore line: [/usr/bin/cmake -E cmake_link_script CMakeFiles/cmTC_89db4.dir/link.txt --verbose=1]
  ignore line: [/home/roto/android/android-ndk-r27d/toolchains/llvm/prebuilt/linux-x86_64/bin/clang  -v CMakeFiles/cmTC_89db4.dir/CMakeCCompilerABI.c.o -o cmTC_89db4 ]
  ignore line: [Android (13691557  +pgo  +bolt  +lto  +mlgo  based on r522817d) clang version 18.0.4 (https://android.googlesource.com/toolchain/llvm-project d8003a456d14a3deb8054cdaa529ffbf02d9b262)]
  ignore line: [Target: x86_64-unknown-linux-gnu]
  ignore line: [Thread model: posix]
  ignore line: [InstalledDir: /home/roto/android/android-ndk-r27d/toolchains/llvm/prebuilt/linux-x86_64/bin]
  ignore line: [Found candidate GCC installation: /usr/lib/gcc/x86_64-linux-gnu/12]
  ignore line: [Selected GCC installation: /usr/lib/gcc/x86_64-linux-gnu/12]
  ignore line: [Candidate multilib: .]
  ignore line: [@m64]
  ignore line: [Selected multilib: .]
  ignore line: [@m64]
  link line: [ "/home/roto/android/android-ndk-r27d/toolchains/llvm/prebuilt/linux-x86_64/bin/ld.lld" --hash-style=gnu --eh-frame-hdr -m elf_x86_64 -pie -dynamic-linker /lib64/ld-linux-x86-64.so.2 -o cmTC_89db4 /lib/x86_64-linux-gnu/Scrt1.o /lib/x86_64-linux-gnu/crti.o /usr/lib/gcc/x86_64-linux-gnu/12/crtbeginS.o -L/home/roto/android/android-ndk-r27d/toolchains/llvm/prebuilt/linux-x86_64/bin/../lib/x86_64-unknown-linux-gnu -L/home/roto/android/android-ndk-r27d/toolchains/llvm/prebuilt/linux-x86_64/lib/clang/18/lib/x86_64-unknown-linux-gnu -L/home/roto/android/android-ndk-r27d/toolchains/llvm/prebuilt/linux-x86_64/lib/clang/18/lib/linux/x86_64 -L/usr/lib/gcc/x86_64-linux-gnu/12 -L/usr/lib/gcc/x86_64-linux-gnu/12/../../../../lib64 -L/lib/x86_64-linux-gnu -L/lib/../lib64 -L/usr/lib/x86_64-linux-gnu -L/usr/lib/../lib64 -L/lib -L/usr/lib CMakeFiles/cmTC_89db4.dir/CMakeCCompilerABI.c.o -lgcc --as-needed -lgcc_s --no-as-needed -lc -lgcc --as-needed -lgcc_s --no-as-needed /usr/lib/gcc/x86_64-linux-gnu/12/crtendS.o /lib/x86_64-linux-gnu/crtn.o]
    arg [/home/roto/android/android-ndk-r27d/toolchains/llvm/prebuilt/linux-x86_64/bin/ld.lld] ==> ignore
    arg [--hash-style=gnu] ==> ignore
    arg [--eh-frame-hdr] ==> ignore
    arg [-m] ==> ignore
    arg [elf_x86_64] ==> ignore
    arg [-pie] ==> ignore
    arg [-dynamic-linker] ==> ignore
    arg [/lib64/ld-linux-x86-64.so.2] ==> ignore
    arg [-o] ==> ignore
    arg [cmTC_89db4] ==> ignore
    arg [/lib/x86_64-linux-gnu/Scrt1.o] ==> obj [/lib/x86_64-linux-gnu/Scrt1.o]
    arg [/lib/x86_64-linux-gnu/crti.o] ==> obj [/lib/x86_64-linux-gnu/crti.o]
    arg [/usr/lib/gcc/x86_64-linux-gnu/12/crtbeginS.o] ==> obj [/usr/lib/gcc/x86_64-linux-gnu/12/crtbeginS.o]
    arg [-L/home/roto/android/android-ndk-r27d/toolchains/llvm/prebuilt/linux-x86_64/bin/../lib/x86_64-unknown-linux-gnu] ==> dir [/home/roto/android/android-ndk-r27d/toolchains/llvm/prebuilt/linux-x86_64/bin/../lib/x86_64-unknown-linux-gnu]
    arg [-L/home/roto/android/android-ndk-r27d/toolchains/llvm/prebuilt/linux-x86_64/lib/clang/18/lib/x86_64-unknown-linux-gnu] ==> dir [/home/roto/android/android-ndk-r27d/toolchains/llvm/prebuilt/linux-x86_64/lib/clang/18/lib/x86_64-unknown-linux-gnu]
    arg [-L/home/roto/android/android-ndk-r27d/toolchains/llvm/prebuilt/linux-x86_64/lib/clang/18/lib/linux/x86_64] ==> dir [/home/roto/android/android-ndk-r27d/toolchains/llvm/prebuilt/linux-x86_64/lib/clang/18/lib/linux/x86_64]
    arg [-L/usr/lib/gcc/x86_64-linux-gnu/12] ==> dir [/usr/lib/gcc/x86_64-linux-gnu/12]
    arg [-L/usr/lib/gcc/x86_64-linux-gnu/12/../../../../lib64] ==> dir [/usr/lib/gcc/x86_64-linux-gnu/12/../../../../lib64]
    arg [-L/lib/x86_64-linux-gnu] ==> dir [/lib/x86_64-linux-gnu]
    arg [-L/lib/../lib64] ==> dir [/lib/../lib64]
    arg [-L/usr/lib/x86_64-linux-gnu] ==> dir [/usr/lib/x86_64-linux-gnu]
    arg [-L/usr/lib/../lib64] ==> dir [/usr/lib/../lib64]
    arg [-L/lib] ==> dir [/lib]
    arg [-L/usr/lib] ==> dir [/usr/lib]
    arg [CMakeFiles/cmTC_89db4.dir/CMakeCCompilerABI.c.o] ==> ignore
    arg [-lgcc] ==> lib [gcc]
    arg [--as-needed] ==> ignore
    arg [-lgcc_s] ==> lib [gcc_s]
    arg [--no-as-needed] ==> ignore
    arg [-lc] ==> lib [c]
    arg [-lgcc] ==> lib [gcc]
    arg [--as-needed] ==> ignore
    arg [-lgcc_s] ==> lib [gcc_s]
    arg [--no-as-needed] ==> ignore
    arg [/usr/lib/gcc/x86_64-linux-gnu/12/crtendS.o] ==> obj [/usr/lib/gcc/x86_64-linux-gnu/12/crtendS.o]
    arg [/lib/x86_64-linux-gnu/crtn.o] ==> obj [/lib/x86_64-linux-gnu/crtn.o]
  collapse library dir [/home/roto/android/android-ndk-r27d/toolchains/llvm/prebuilt/linux-x86_64/bin/../lib/x86_64-unknown-linux-gnu] ==> [/home/roto/android/android-ndk-r27d/toolchains/llvm/prebuilt/linux-x86_64/lib/x86_64-unknown-linux-gnu]
  collapse library dir [/home/roto/android/android-ndk-r27d/toolchains/llvm/prebuilt/linux-x86_64/lib/clang/18/lib/x86_64-unknown-linux-gnu] ==> [/home/roto/android/android-ndk-r27d/toolchains/llvm/prebuilt/linux-x86_64/lib/clang/18/lib/x86_64-unknown-linux-gnu]
  collapse library dir [/home/roto/android/android-ndk-r27d/toolchains/llvm/prebuilt/linux-x86_64/lib/clang/18/lib/linux/x86_64] ==> [/home/roto/android/android-ndk-r27d/toolchains/llvm/prebuilt/linux-x86_64/lib/clang/18/lib/linux/x86_64]
  collapse library dir [/usr/lib/gcc/x86_64-linux-gnu/12] ==> [/usr/lib/gcc/x86_64-linux-gnu/12]
  collapse library dir [/usr/lib/gcc/x86_64-linux-gnu/12/../../../../lib64] ==> [/usr/lib64]
  collapse library dir [/lib/x86_64-linux-gnu] ==> [/lib/x86_64-linux-gnu]
  collapse library dir [/lib/../lib64] ==> [/lib64]
  collapse library dir [/usr/lib/x86_64-linux-gnu] ==> [/usr/lib/x86_64-linux-gnu]
  collapse library dir [/usr/lib/../lib64] ==> [/usr/lib64]
  collapse library dir [/lib] ==> [/lib]
  collapse library dir [/usr/lib] ==> [/usr/lib]
  implicit libs: [gcc;gcc_s;c;gcc;gcc_s]
  implicit objs: [/lib/x86_64-linux-gnu/Scrt1.o;/lib/x86_64-linux-gnu/crti.o;/usr/lib/gcc/x86_64-linux-gnu/12/crtbeginS.o;/usr/lib/gcc/x86_64-linux-gnu/12/crtendS.o;/lib/x86_64-linux-gnu/crtn.o]
  implicit dirs: [/home/roto/android/android-ndk-r27d/toolchains/llvm/prebuilt/linux-x86_64/lib/x86_64-unknown-linux-gnu;/home/roto/android/android-ndk-r27d/toolchains/llvm/prebuilt/linux-x86_64/lib/clang/18/lib/x86_64-unknown-linux-gnu;/home/roto/android/android-ndk-r27d/toolchains/llvm/prebuilt/linux-x86_64/lib/clang/18/lib/linux/x86_64;/usr/lib/gcc/x86_64-linux-gnu/12;/usr/lib64;/lib/x86_64-linux-gnu;/lib64;/usr/lib/x86_64-linux-gnu;/lib;/usr/lib]
  implicit fwks: []


Performing C SOURCE FILE Test CMAKE_HAVE_LIBC_PTHREAD succeeded with the following output:
Change Dir: /home/roto/git/android-platform-frameworks-base/build/CMakeFiles/CMakeScratch/TryCompile-P4RDtv

Run Build Command(s):/usr/bin/gmake -f Makefile cmTC_877c0/fast && /usr/bin/gmake  -f CMakeFiles/cmTC_877c0.dir/build.make CMakeFiles/cmTC_877c0.dir/build
gmake[1]: Entering directory '/home/roto/git/android-platform-frameworks-base/build/CMakeFiles/CMakeScratch/TryCompile-P4RDtv'
Building C object CMakeFiles/cmTC_877c0.dir/src.c.o
/home/roto/android/android-ndk-r27d/toolchains/llvm/prebuilt/linux-x86_64/bin/clang -DCMAKE_HAVE_LIBC_PTHREAD   -MD -MT CMakeFiles/cmTC_877c0.dir/src.c.o -MF CMakeFiles/cmTC_877c0.dir/src.c.o.d -o CMakeFiles/cmTC_877c0.dir/src.c.o -c /home/roto/git/android-platform-frameworks-base/build/CMakeFiles/CMakeScratch/TryCompile-P4RDtv/src.c
Linking C executable cmTC_877c0
/usr/bin/cmake -E cmake_link_script CMakeFiles/cmTC_877c0.dir/link.txt --verbose=1
/home/roto/android/android-ndk-r27d/toolchains/llvm/prebuilt/linux-x86_64/bin/clang CMakeFiles/cmTC_877c0.dir/src.c.o -o cmTC_877c0 
gmake[1]: Leaving directory '/home/roto/git/android-platform-frameworks-base/build/CMakeFiles/CMakeScratch/TryCompile-P4RDtv'


Source file was:
#include <pthread.h>

static void* test_func(void* data)
{
  return data;
}

int main(void)
{
  pthread_t thread;
  pthread_create(&thread, NULL, test_func, NULL);
  pthread_detach(thread);
  pthread_cancel(thread);
  pthread_join(thread, NULL);
  pthread_atfork(NULL, NULL, NULL);
  pthread_exit(NULL);

  return 0;
}


